../Core/Src/command_layer.c:39:18:command_layer_init	8	static
../Core/Src/command_layer.c:59:6:command_layer_process	16	static
../Core/Src/command_layer.c:93:13:parse_and_execute_command	160	static
../Core/Src/command_layer.c:142:13:send_response	16	static
../Core/Src/command_layer.c:150:6:command_layer_is_acquiring	4	static
../Core/Src/command_layer.c:158:21:command_layer_get_state	4	static
../Core/Src/command_layer.c:166:10:command_layer_get_integration_time	4	static
../Core/Src/command_layer.c:178:6:command_handle_start	8	static
../Core/Src/command_layer.c:187:6:command_handle_stop	8	static
../Core/Src/command_layer.c:196:18:command_handle_set_integration_time	16	static
../Core/Src/command_layer.c:215:6:command_handle_get_status	152	static
