../Core/Src/main.c:87:5:main	8	static
../Core/Src/main.c:158:6:SystemClock_Config	88	static
../Core/Src/main.c:204:13:MX_ADC1_Init	24	static
../Core/Src/main.c:256:13:MX_TIM2_Init	64	static
../Core/Src/main.c:315:13:MX_TIM3_Init	64	static
../Core/Src/main.c:374:13:MX_TIM4_Init	64	static
../Core/Src/main.c:432:13:MX_TIM5_Init	80	static
../Core/Src/main.c:496:13:MX_DMA_Init	16	static
../Core/Src/main.c:514:13:MX_GPIO_Init	16	static
../Core/Src/main.c:534:6:HAL_ADC_ConvCpltCallback	56	static
../Core/Src/main.c:578:6:Error_Handler	4	static,ignoring_inline_asm
